[npcvet.wordpress.com/index.html]
[backblue.gif]
[fade.gif]
[index.html]
[s0.wp.com/wp-content/plugins/custom-fonts/js/webfont.js]
[npcvet.wordpress.com/xmlrpc0db0.php]
[npcvet.wordpress.com/feed/index.html]
[s2.wp.com/i/webclip.png]
[npcvet.wordpress.com/comments/feed/index.html]
[npcvet.wordpress.com/osd.xml]
[s1.wp.com/_static/indexba1f.html]
[npcvet.files.wordpress.com/2020/11/logog882993.jpg]
[npcvet.files.wordpress.com/2020/11/gettyimages-148198316-612x612-1e7c0.jpg]
[npcvet.files.wordpress.com/2020/11/gettyimages-91933192-612x612-1.jpg]
[npcvet.wordpress.com/about/index.html]
[npcvet.files.wordpress.com/2020/11/gettyimages-106491630-612x612-1.jpg]
[npcvet.files.wordpress.com/2020/11/gettyimages-148198349-612x612-1.jpg]
[npcvet.files.wordpress.com/2020/11/gettyimages-148198316-612x612-1.jpg]
[npcvet.wordpress.com/our-services/index.html]
[0.gravatar.com/js/gprofiles88bc.js]
[npcvet.wordpress.com/contact-us/index.html]
[s1.wp.com/wp-content/mu-plugins/gravatar-hovercards/wpgrohoc3b6.js]
[s0.wp.com/wp-content/mu-plugins/actionbar/actionbar61ea.css]
[s0.wp.com/wp-content/mu-plugins/actionbar/actionbar61ea.js]
[s0.wp.com/wp-includes/js/dist/vendor/wp-polyfill-fetch.min9853.js]
[s0.wp.com/_static/indexdd1b.html]
[s1.wp.com/wp-includes/js/dist/vendor/wp-polyfill-node-contains.minf99f.js]
[s0.wp.com/wp-includes/js/dist/vendor/wp-polyfill-dom-rect.min9c36.js]
[s2.wp.com/wp-includes/js/dist/vendor/wp-polyfill-url.min67f7.js]
[s1.wp.com/wp-includes/js/dist/vendor/wp-polyfill-formdata.min52a8.js]
[s2.wp.com/wp-includes/js/dist/vendor/wp-polyfill-element-closest.min5eac.js]
[s0.wp.com/wp-content/plugins/gutenberg-core/9.2.2/vendor/lodash.ec373016e7c4.js]
[npcvet.wordpress.com/wp-content/plugins/ie-sitemode/custom-jumplist.php]
[stats.wp.com/w7f39.js]
[pixel.wp.com/b0b80.gif]
[npcvet.wordpress.com/index.html]
[s1.wp.com/_static/indexba1f.html]
[s0.wp.com/_static/index03c0.html]
[npcvet.files.wordpress.com/2020/11/gettyimages-1162639219-612x612-4e7c0.jpg]
[npcvet.wordpress.com/about/index.html]
[npcvet.files.wordpress.com/2020/11/ooooo-2e7c0.jpg]
[npcvet.wordpress.com/our-services/index.html]
[s0.wp.com/wp-includes/js/dist/vendor/moment.min41ce.js]
[s1.wp.com/wp-content/plugins/gutenberg-core/9.2.2/vendor/react.min.e713ea3bb950.js]
[s1.wp.com/wp-content/plugins/gutenberg-core/9.2.2/vendor/react-dom.min.de439aaeb950.js]
[s1.wp.com/wp-content/plugins/gutenberg-core/9.2.2/build/escape-html/index785f.js]
[s2.wp.com/wp-content/plugins/gutenberg-core/9.2.2/build/element/index72f4.js]
[s2.wp.com/wp-content/plugins/gutenberg-core/9.2.2/build/rich-text/indexbb13.js]
[s2.wp.com/_static/index6ef0.html]
[s1.wp.com/wp-content/plugins/gutenberg-core/9.2.2/build/warning/index785f.js]
[npcvet.wordpress.com/contact-us/index.html]
[s0.wp.com/wp-content/mu-plugins/actionbar/actionbar61ea.css]
[s2.wp.com/wp-content/plugins/gutenberg-core/9.2.2/build/components/index32fb.js]
[s0.wp.com/_static/indexdd1b.html]
[npcvet.wordpress.com/about/index9a7b.html]
[npcvet.wordpress.com/about/index5a58.html]
[npcvet.wordpress.com/our-services/index9a7b.html]
[npcvet.wordpress.com/our-services/index5a58.html]
[npcvet.wordpress.com/contact-us/index9a7b.html]
[npcvet.wordpress.com/contact-us/index5a58.html]
[s2.wp.com/_static/index6ef0.html]
